src/components/requests/request-form.tsx(5,35): error TS6142: Module '../ui/card' was resolved to 'C:/Users/1000307/OneDrive - Compunnel/Projects/VMS Migration_TYA Suits to MS Dynamics Business Central/VMS Vikram/src/components/ui/card.tsx', but '--jsx' is not set.
src/components/requests/request-form.tsx(6,24): error TS6142: Module '../ui/button' was resolved to 'C:/Users/1000307/OneDrive - Compunnel/Projects/VMS Migration_TYA Suits to MS Dynamics Business Central/VMS Vikram/src/components/ui/button.tsx', but '--jsx' is not set.
src/components/requests/request-form.tsx(7,23): error TS6142: Module '../ui/input' was resolved to 'C:/Users/1000307/OneDrive - Compunnel/Projects/VMS Migration_TYA Suits to MS Dynamics Business Central/VMS Vikram/src/components/ui/input.tsx', but '--jsx' is not set.
src/components/requests/request-form.tsx(8,23): error TS6142: Module '../ui/label' was resolved to 'C:/Users/1000307/OneDrive - Compunnel/Projects/VMS Migration_TYA Suits to MS Dynamics Business Central/VMS Vikram/src/components/ui/label.tsx', but '--jsx' is not set.
src/components/requests/request-form.tsx(9,25): error TS6142: Module '../ui/tooltip' was resolved to 'C:/Users/1000307/OneDrive - Compunnel/Projects/VMS Migration_TYA Suits to MS Dynamics Business Central/VMS Vikram/src/components/ui/tooltip.tsx', but '--jsx' is not set.
src/components/requests/request-form.tsx(511,7): error TS17004: Cannot use JSX unless the '--jsx' flag is provided.
src/components/requests/request-form.tsx(512,9): error TS17004: Cannot use JSX unless the '--jsx' flag is provided.
src/components/requests/request-form.tsx(513,11): error TS17004: Cannot use JSX unless the '--jsx' flag is provided.
src/components/requests/request-form.tsx(514,11): error TS17004: Cannot use JSX unless the '--jsx' flag is provided.
src/components/requests/request-form.tsx(515,11): error TS17004: Cannot use JSX unless the '--jsx' flag is provided.
src/components/requests/request-form.tsx(828,5): error TS17004: Cannot use JSX unless the '--jsx' flag is provided.
src/components/requests/request-form.tsx(830,7): error TS17004: Cannot use JSX unless the '--jsx' flag is provided.
src/components/requests/request-form.tsx(831,9): error TS17004: Cannot use JSX unless the '--jsx' flag is provided.
src/components/requests/request-form.tsx(832,11): error TS17004: Cannot use JSX unless the '--jsx' flag is provided.
src/components/requests/request-form.tsx(833,13): error TS17004: Cannot use JSX unless the '--jsx' flag is provided.
src/components/requests/request-form.tsx(839,15): error TS17004: Cannot use JSX unless the '--jsx' flag is provided.
src/components/requests/request-form.tsx(842,11): error TS17004: Cannot use JSX unless the '--jsx' flag is provided.
src/components/requests/request-form.tsx(843,13): error TS17004: Cannot use JSX unless the '--jsx' flag is provided.
src/components/requests/request-form.tsx(844,13): error TS17004: Cannot use JSX unless the '--jsx' flag is provided.
src/components/requests/request-form.tsx(852,7): error TS17004: Cannot use JSX unless the '--jsx' flag is provided.
src/components/requests/request-form.tsx(853,9): error TS17004: Cannot use JSX unless the '--jsx' flag is provided.
src/components/requests/request-form.tsx(854,11): error TS17004: Cannot use JSX unless the '--jsx' flag is provided.
src/components/requests/request-form.tsx(856,13): error TS17004: Cannot use JSX unless the '--jsx' flag is provided.
src/components/requests/request-form.tsx(857,15): error TS17004: Cannot use JSX unless the '--jsx' flag is provided.
src/components/requests/request-form.tsx(858,15): error TS17004: Cannot use JSX unless the '--jsx' flag is provided.
src/components/requests/request-form.tsx(859,17): error TS17004: Cannot use JSX unless the '--jsx' flag is provided.
src/components/requests/request-form.tsx(860,19): error TS17004: Cannot use JSX unless the '--jsx' flag is provided.
src/components/requests/request-form.tsx(861,19): error TS17004: Cannot use JSX unless the '--jsx' flag is provided.
src/components/requests/request-form.tsx(862,19): error TS17004: Cannot use JSX unless the '--jsx' flag is provided.
src/components/requests/request-form.tsx(864,17): error TS17004: Cannot use JSX unless the '--jsx' flag is provided.
src/components/requests/request-form.tsx(865,19): error TS17004: Cannot use JSX unless the '--jsx' flag is provided.
src/components/requests/request-form.tsx(866,19): error TS17004: Cannot use JSX unless the '--jsx' flag is provided.
src/components/requests/request-form.tsx(868,17): error TS17004: Cannot use JSX unless the '--jsx' flag is provided.
src/components/requests/request-form.tsx(869,19): error TS17004: Cannot use JSX unless the '--jsx' flag is provided.
src/components/requests/request-form.tsx(870,19): error TS17004: Cannot use JSX unless the '--jsx' flag is provided.
src/components/requests/request-form.tsx(872,17): error TS17004: Cannot use JSX unless the '--jsx' flag is provided.
src/components/requests/request-form.tsx(873,19): error TS17004: Cannot use JSX unless the '--jsx' flag is provided.
src/components/requests/request-form.tsx(874,19): error TS17004: Cannot use JSX unless the '--jsx' flag is provided.
src/components/requests/request-form.tsx(880,13): error TS17004: Cannot use JSX unless the '--jsx' flag is provided.
src/components/requests/request-form.tsx(881,15): error TS17004: Cannot use JSX unless the '--jsx' flag is provided.
src/components/requests/request-form.tsx(882,15): error TS17004: Cannot use JSX unless the '--jsx' flag is provided.
src/components/requests/request-form.tsx(883,17): error TS17004: Cannot use JSX unless the '--jsx' flag is provided.
src/components/requests/request-form.tsx(884,19): error TS17004: Cannot use JSX unless the '--jsx' flag is provided.
src/components/requests/request-form.tsx(885,19): error TS17004: Cannot use JSX unless the '--jsx' flag is provided.
src/components/requests/request-form.tsx(893,21): error TS17004: Cannot use JSX unless the '--jsx' flag is provided.
src/components/requests/request-form.tsx(895,23): error TS17004: Cannot use JSX unless the '--jsx' flag is provided.
src/components/requests/request-form.tsx(898,19): error TS17004: Cannot use JSX unless the '--jsx' flag is provided.
src/components/requests/request-form.tsx(900,17): error TS17004: Cannot use JSX unless the '--jsx' flag is provided.
src/components/requests/request-form.tsx(901,19): error TS17004: Cannot use JSX unless the '--jsx' flag is provided.
src/components/requests/request-form.tsx(902,19): error TS17004: Cannot use JSX unless the '--jsx' flag is provided.
src/components/requests/request-form.tsx(909,19): error TS17004: Cannot use JSX unless the '--jsx' flag is provided.
src/components/requests/request-form.tsx(915,13): error TS17004: Cannot use JSX unless the '--jsx' flag is provided.
src/components/requests/request-form.tsx(916,15): error TS17004: Cannot use JSX unless the '--jsx' flag is provided.
src/components/requests/request-form.tsx(918,15): error TS17004: Cannot use JSX unless the '--jsx' flag is provided.
src/components/requests/request-form.tsx(920,17): error TS17004: Cannot use JSX unless the '--jsx' flag is provided.
src/components/requests/request-form.tsx(921,19): error TS17004: Cannot use JSX unless the '--jsx' flag is provided.
src/components/requests/request-form.tsx(922,19): error TS17004: Cannot use JSX unless the '--jsx' flag is provided.
src/components/requests/request-form.tsx(930,21): error TS17004: Cannot use JSX unless the '--jsx' flag is provided.
src/components/requests/request-form.tsx(931,21): error TS17004: Cannot use JSX unless the '--jsx' flag is provided.
src/components/requests/request-form.tsx(932,21): error TS17004: Cannot use JSX unless the '--jsx' flag is provided.
src/components/requests/request-form.tsx(933,21): error TS17004: Cannot use JSX unless the '--jsx' flag is provided.
src/components/requests/request-form.tsx(935,19): error TS17004: Cannot use JSX unless the '--jsx' flag is provided.
src/components/requests/request-form.tsx(939,17): error TS17004: Cannot use JSX unless the '--jsx' flag is provided.
src/components/requests/request-form.tsx(940,19): error TS17004: Cannot use JSX unless the '--jsx' flag is provided.
src/components/requests/request-form.tsx(941,19): error TS17004: Cannot use JSX unless the '--jsx' flag is provided.
src/components/requests/request-form.tsx(942,21): error TS17004: Cannot use JSX unless the '--jsx' flag is provided.
src/components/requests/request-form.tsx(943,23): error TS17004: Cannot use JSX unless the '--jsx' flag is provided.
src/components/requests/request-form.tsx(953,23): error TS17004: Cannot use JSX unless the '--jsx' flag is provided.
src/components/requests/request-form.tsx(954,29): error TS17004: Cannot use JSX unless the '--jsx' flag is provided.
src/components/requests/request-form.tsx(957,21): error TS17004: Cannot use JSX unless the '--jsx' flag is provided.
src/components/requests/request-form.tsx(958,23): error TS17004: Cannot use JSX unless the '--jsx' flag is provided.
src/components/requests/request-form.tsx(968,23): error TS17004: Cannot use JSX unless the '--jsx' flag is provided.
src/components/requests/request-form.tsx(969,29): error TS17004: Cannot use JSX unless the '--jsx' flag is provided.
src/components/requests/request-form.tsx(973,19): error TS17004: Cannot use JSX unless the '--jsx' flag is provided.
src/components/requests/request-form.tsx(977,15): error TS17004: Cannot use JSX unless the '--jsx' flag is provided.
src/components/requests/request-form.tsx(978,17): error TS17004: Cannot use JSX unless the '--jsx' flag is provided.
src/components/requests/request-form.tsx(979,17): error TS17004: Cannot use JSX unless the '--jsx' flag is provided.
src/components/requests/request-form.tsx(991,15): error TS17004: Cannot use JSX unless the '--jsx' flag is provided.
src/components/requests/request-form.tsx(992,17): error TS17004: Cannot use JSX unless the '--jsx' flag is provided.
src/components/requests/request-form.tsx(993,17): error TS17004: Cannot use JSX unless the '--jsx' flag is provided.
src/components/requests/request-form.tsx(994,19): error TS17004: Cannot use JSX unless the '--jsx' flag is provided.
src/components/requests/request-form.tsx(1004,17): error TS17004: Cannot use JSX unless the '--jsx' flag is provided.
src/components/requests/request-form.tsx(1008,15): error TS17004: Cannot use JSX unless the '--jsx' flag is provided.
src/components/requests/request-form.tsx(1010,18): error TS17004: Cannot use JSX unless the '--jsx' flag is provided.
src/components/requests/request-form.tsx(1010,92): error TS17004: Cannot use JSX unless the '--jsx' flag is provided.
src/components/requests/request-form.tsx(1011,18): error TS17004: Cannot use JSX unless the '--jsx' flag is provided.
src/components/requests/request-form.tsx(1011,94): error TS17004: Cannot use JSX unless the '--jsx' flag is provided.
src/components/requests/request-form.tsx(1012,18): error TS17004: Cannot use JSX unless the '--jsx' flag is provided.
src/components/requests/request-form.tsx(1012,86): error TS17004: Cannot use JSX unless the '--jsx' flag is provided.
src/components/requests/request-form.tsx(1013,18): error TS17004: Cannot use JSX unless the '--jsx' flag is provided.
src/components/requests/request-form.tsx(1013,84): error TS17004: Cannot use JSX unless the '--jsx' flag is provided.
src/components/requests/request-form.tsx(1014,18): error TS17004: Cannot use JSX unless the '--jsx' flag is provided.
src/components/requests/request-form.tsx(1014,98): error TS17004: Cannot use JSX unless the '--jsx' flag is provided.
src/components/requests/request-form.tsx(1015,18): error TS17004: Cannot use JSX unless the '--jsx' flag is provided.
src/components/requests/request-form.tsx(1015,100): error TS17004: Cannot use JSX unless the '--jsx' flag is provided.
src/components/requests/request-form.tsx(1016,18): error TS17004: Cannot use JSX unless the '--jsx' flag is provided.
src/components/requests/request-form.tsx(1016,104): error TS17004: Cannot use JSX unless the '--jsx' flag is provided.
src/components/requests/request-form.tsx(1017,18): error TS17004: Cannot use JSX unless the '--jsx' flag is provided.
src/components/requests/request-form.tsx(1017,106): error TS17004: Cannot use JSX unless the '--jsx' flag is provided.
src/components/requests/request-form.tsx(1018,18): error TS17004: Cannot use JSX unless the '--jsx' flag is provided.
src/components/requests/request-form.tsx(1019,18): error TS17004: Cannot use JSX unless the '--jsx' flag is provided.
src/components/requests/request-form.tsx(1020,18): error TS17004: Cannot use JSX unless the '--jsx' flag is provided.
src/components/requests/request-form.tsx(1020,78): error TS17004: Cannot use JSX unless the '--jsx' flag is provided.
src/components/requests/request-form.tsx(1021,18): error TS17004: Cannot use JSX unless the '--jsx' flag is provided.
src/components/requests/request-form.tsx(1021,78): error TS17004: Cannot use JSX unless the '--jsx' flag is provided.
src/components/requests/request-form.tsx(1022,18): error TS17004: Cannot use JSX unless the '--jsx' flag is provided.
src/components/requests/request-form.tsx(1022,78): error TS17004: Cannot use JSX unless the '--jsx' flag is provided.
src/components/requests/request-form.tsx(1023,18): error TS17004: Cannot use JSX unless the '--jsx' flag is provided.
src/components/requests/request-form.tsx(1023,78): error TS17004: Cannot use JSX unless the '--jsx' flag is provided.
src/components/requests/request-form.tsx(1024,18): error TS17004: Cannot use JSX unless the '--jsx' flag is provided.
src/components/requests/request-form.tsx(1024,78): error TS17004: Cannot use JSX unless the '--jsx' flag is provided.
src/components/requests/request-form.tsx(1029,13): error TS17004: Cannot use JSX unless the '--jsx' flag is provided.
src/components/requests/request-form.tsx(1030,15): error TS17004: Cannot use JSX unless the '--jsx' flag is provided.
src/components/requests/request-form.tsx(1031,17): error TS17004: Cannot use JSX unless the '--jsx' flag is provided.
src/components/requests/request-form.tsx(1032,19): error TS17004: Cannot use JSX unless the '--jsx' flag is provided.
src/components/requests/request-form.tsx(1033,19): error TS17004: Cannot use JSX unless the '--jsx' flag is provided.
src/components/requests/request-form.tsx(1036,19): error TS17004: Cannot use JSX unless the '--jsx' flag is provided.
src/components/requests/request-form.tsx(1043,21): error TS17004: Cannot use JSX unless the '--jsx' flag is provided.
src/components/requests/request-form.tsx(1049,15): error TS17004: Cannot use JSX unless the '--jsx' flag is provided.
src/components/requests/request-form.tsx(1050,17): error TS17004: Cannot use JSX unless the '--jsx' flag is provided.
src/components/requests/request-form.tsx(1051,19): error TS17004: Cannot use JSX unless the '--jsx' flag is provided.
src/components/requests/request-form.tsx(1052,21): error TS17004: Cannot use JSX unless the '--jsx' flag is provided.
src/components/requests/request-form.tsx(1053,23): error TS17004: Cannot use JSX unless the '--jsx' flag is provided.
src/components/requests/request-form.tsx(1054,23): error TS17004: Cannot use JSX unless the '--jsx' flag is provided.
src/components/requests/request-form.tsx(1055,23): error TS17004: Cannot use JSX unless the '--jsx' flag is provided.
src/components/requests/request-form.tsx(1056,23): error TS17004: Cannot use JSX unless the '--jsx' flag is provided.
src/components/requests/request-form.tsx(1057,23): error TS17004: Cannot use JSX unless the '--jsx' flag is provided.
src/components/requests/request-form.tsx(1058,23): error TS17004: Cannot use JSX unless the '--jsx' flag is provided.
src/components/requests/request-form.tsx(1059,23): error TS17004: Cannot use JSX unless the '--jsx' flag is provided.
src/components/requests/request-form.tsx(1060,23): error TS17004: Cannot use JSX unless the '--jsx' flag is provided.
src/components/requests/request-form.tsx(1061,39): error TS17004: Cannot use JSX unless the '--jsx' flag is provided.
src/components/requests/request-form.tsx(1064,19): error TS17004: Cannot use JSX unless the '--jsx' flag is provided.
src/components/requests/request-form.tsx(1066,23): error TS17004: Cannot use JSX unless the '--jsx' flag is provided.
src/components/requests/request-form.tsx(1067,25): error TS17004: Cannot use JSX unless the '--jsx' flag is provided.
src/components/requests/request-form.tsx(1068,25): error TS17004: Cannot use JSX unless the '--jsx' flag is provided.
src/components/requests/request-form.tsx(1069,27): error TS17004: Cannot use JSX unless the '--jsx' flag is provided.
src/components/requests/request-form.tsx(1076,29): error TS17004: Cannot use JSX unless the '--jsx' flag is provided.
src/components/requests/request-form.tsx(1078,31): error TS17004: Cannot use JSX unless the '--jsx' flag is provided.
src/components/requests/request-form.tsx(1082,25): error TS17004: Cannot use JSX unless the '--jsx' flag is provided.
src/components/requests/request-form.tsx(1083,27): error TS17004: Cannot use JSX unless the '--jsx' flag is provided.
src/components/requests/request-form.tsx(1092,25): error TS17004: Cannot use JSX unless the '--jsx' flag is provided.
src/components/requests/request-form.tsx(1093,27): error TS17004: Cannot use JSX unless the '--jsx' flag is provided.
src/components/requests/request-form.tsx(1100,25): error TS17004: Cannot use JSX unless the '--jsx' flag is provided.
src/components/requests/request-form.tsx(1101,27): error TS17004: Cannot use JSX unless the '--jsx' flag is provided.
src/components/requests/request-form.tsx(1108,25): error TS17004: Cannot use JSX unless the '--jsx' flag is provided.
src/components/requests/request-form.tsx(1109,27): error TS17004: Cannot use JSX unless the '--jsx' flag is provided.
src/components/requests/request-form.tsx(1119,25): error TS17004: Cannot use JSX unless the '--jsx' flag is provided.
src/components/requests/request-form.tsx(1120,27): error TS17004: Cannot use JSX unless the '--jsx' flag is provided.
src/components/requests/request-form.tsx(1128,25): error TS17004: Cannot use JSX unless the '--jsx' flag is provided.
src/components/requests/request-form.tsx(1129,27): error TS17004: Cannot use JSX unless the '--jsx' flag is provided.
src/components/requests/request-form.tsx(1131,31): error TS17004: Cannot use JSX unless the '--jsx' flag is provided.
src/components/requests/request-form.tsx(1132,33): error TS17004: Cannot use JSX unless the '--jsx' flag is provided.
src/components/requests/request-form.tsx(1142,33): error TS17004: Cannot use JSX unless the '--jsx' flag is provided.
src/components/requests/request-form.tsx(1146,35): error TS17004: Cannot use JSX unless the '--jsx' flag is provided.
src/components/requests/request-form.tsx(1147,35): error TS17004: Cannot use JSX unless the '--jsx' flag is provided.
src/components/requests/request-form.tsx(1153,31): error TS17004: Cannot use JSX unless the '--jsx' flag is provided.
src/components/requests/request-form.tsx(1154,33): error TS17004: Cannot use JSX unless the '--jsx' flag is provided.
src/components/requests/request-form.tsx(1155,33): error TS17004: Cannot use JSX unless the '--jsx' flag is provided.
src/components/requests/request-form.tsx(1164,27): error TS17004: Cannot use JSX unless the '--jsx' flag is provided.
src/components/requests/request-form.tsx(1166,31): error TS17004: Cannot use JSX unless the '--jsx' flag is provided.
src/components/requests/request-form.tsx(1172,33): error TS17004: Cannot use JSX unless the '--jsx' flag is provided.
src/components/requests/request-form.tsx(1175,31): error TS17004: Cannot use JSX unless the '--jsx' flag is provided.
src/components/requests/request-form.tsx(1184,15): error TS17004: Cannot use JSX unless the '--jsx' flag is provided.
src/components/requests/request-form.tsx(1185,17): error TS17004: Cannot use JSX unless the '--jsx' flag is provided.
src/components/requests/request-form.tsx(1186,17): error TS17004: Cannot use JSX unless the '--jsx' flag is provided.
src/components/requests/request-form.tsx(1194,13): error TS17004: Cannot use JSX unless the '--jsx' flag is provided.
src/components/requests/request-form.tsx(1195,15): error TS17004: Cannot use JSX unless the '--jsx' flag is provided.
src/components/requests/request-form.tsx(1204,17): error TS17004: Cannot use JSX unless the '--jsx' flag is provided.
src/components/requests/request-form.tsx(1206,19): error TS17004: Cannot use JSX unless the '--jsx' flag is provided.
src/components/requests/request-form.tsx(1220,23): error TS17004: Cannot use JSX unless the '--jsx' flag is provided.
src/components/requests/request-form.tsx(1230,19): error TS17004: Cannot use JSX unless the '--jsx' flag is provided.
src/components/requests/request-form.tsx(1244,23): error TS17004: Cannot use JSX unless the '--jsx' flag is provided.
src/components/requests/request-form.tsx(1255,17): error TS17004: Cannot use JSX unless the '--jsx' flag is provided.
src/components/requests/request-form.tsx(1258,21): error TS17004: Cannot use JSX unless the '--jsx' flag is provided.
src/components/requests/request-form.tsx(1275,21): error TS17004: Cannot use JSX unless the '--jsx' flag is provided.
src/components/requests/request-form.tsx(1289,25): error TS17004: Cannot use JSX unless the '--jsx' flag is provided.
src/components/requests/request-form.tsx(1301,21): error TS17004: Cannot use JSX unless the '--jsx' flag is provided.
src/components/requests/request-form.tsx(1302,23): error TS17004: Cannot use JSX unless the '--jsx' flag is provided.
src/components/requests/request-form.tsx(1316,27): error TS17004: Cannot use JSX unless the '--jsx' flag is provided.
src/components/requests/request-form.tsx(1324,23): error TS17004: Cannot use JSX unless the '--jsx' flag is provided.
src/components/requests/request-form.tsx(1338,27): error TS17004: Cannot use JSX unless the '--jsx' flag is provided.
src/hooks/use-request-dropdowns.ts(2,35): error TS2307: Cannot find module '@/services/add-request-service' or its corresponding type declarations.
src/hooks/use-request-dropdowns.ts(3,36): error TS2307: Cannot find module '@/services/panther-soap-service' or its corresponding type declarations.
src/hooks/use-request-dropdowns.ts(4,27): error TS2307: Cannot find module '@/config/env-validation' or its corresponding type declarations.
src/hooks/use-request-dropdowns.ts(9,8): error TS2307: Cannot find module '@/types/requests' or its corresponding type declarations.
src/hooks/use-toast.ts(11,8): error TS2307: Cannot find module '@/components/ui/toast' or its corresponding type declarations.
src/services/api-client.ts(2,80): error TS2307: Cannot find module '@/utils/response-transformer' or its corresponding type declarations.
src/services/auth-service.ts(2,24): error TS2307: Cannot find module '@/utils/logger' or its corresponding type declarations.
src/services/requests-service.ts(412,46): error TS2358: The left-hand side of an 'instanceof' expression must be of type 'any', an object type or a type parameter.
src/services/requests-service.ts(484,46): error TS2358: The left-hand side of an 'instanceof' expression must be of type 'any', an object type or a type parameter.
