src/components/requests/request-form.tsx(5,35): error TS6142: Module '../ui/card' was resolved to 'C:/Users/1000307/OneDrive - Compunnel/Projects/VMS Migration_TYA Suits to MS Dynamics Business Central/VMS Vikram/src/components/ui/card.tsx', but '--jsx' is not set.
src/components/requests/request-form.tsx(6,24): error TS6142: Module '../ui/button' was resolved to 'C:/Users/1000307/OneDrive - Compunnel/Projects/VMS Migration_TYA Suits to MS Dynamics Business Central/VMS Vikram/src/components/ui/button.tsx', but '--jsx' is not set.
src/components/requests/request-form.tsx(7,23): error TS6142: Module '../ui/input' was resolved to 'C:/Users/1000307/OneDrive - Compunnel/Projects/VMS Migration_TYA Suits to MS Dynamics Business Central/VMS Vikram/src/components/ui/input.tsx', but '--jsx' is not set.
src/components/requests/request-form.tsx(8,23): error TS6142: Module '../ui/label' was resolved to 'C:/Users/1000307/OneDrive - Compunnel/Projects/VMS Migration_TYA Suits to MS Dynamics Business Central/VMS Vikram/src/components/ui/label.tsx', but '--jsx' is not set.
src/components/requests/request-form.tsx(9,25): error TS6142: Module '../ui/tooltip' was resolved to 'C:/Users/1000307/OneDrive - Compunnel/Projects/VMS Migration_TYA Suits to MS Dynamics Business Central/VMS Vikram/src/components/ui/tooltip.tsx', but '--jsx' is not set.
src/components/requests/request-form.tsx(511,7): error TS17004: Cannot use JSX unless the '--jsx' flag is provided.
src/components/requests/request-form.tsx(512,9): error TS17004: Cannot use JSX unless the '--jsx' flag is provided.
src/components/requests/request-form.tsx(513,11): error TS17004: Cannot use JSX unless the '--jsx' flag is provided.
src/components/requests/request-form.tsx(514,11): error TS17004: Cannot use JSX unless the '--jsx' flag is provided.
src/components/requests/request-form.tsx(515,11): error TS17004: Cannot use JSX unless the '--jsx' flag is provided.
src/components/requests/request-form.tsx(828,5): error TS17004: Cannot use JSX unless the '--jsx' flag is provided.
src/components/requests/request-form.tsx(830,7): error TS17004: Cannot use JSX unless the '--jsx' flag is provided.
src/components/requests/request-form.tsx(831,9): error TS17004: Cannot use JSX unless the '--jsx' flag is provided.
src/components/requests/request-form.tsx(832,11): error TS17004: Cannot use JSX unless the '--jsx' flag is provided.
src/components/requests/request-form.tsx(833,13): error TS17004: Cannot use JSX unless the '--jsx' flag is provided.
src/components/requests/request-form.tsx(839,15): error TS17004: Cannot use JSX unless the '--jsx' flag is provided.
src/components/requests/request-form.tsx(842,11): error TS17004: Cannot use JSX unless the '--jsx' flag is provided.
src/components/requests/request-form.tsx(843,13): error TS17004: Cannot use JSX unless the '--jsx' flag is provided.
src/components/requests/request-form.tsx(844,13): error TS17004: Cannot use JSX unless the '--jsx' flag is provided.
src/components/requests/request-form.tsx(852,7): error TS17004: Cannot use JSX unless the '--jsx' flag is provided.
src/components/requests/request-form.tsx(853,9): error TS17004: Cannot use JSX unless the '--jsx' flag is provided.
src/components/requests/request-form.tsx(854,11): error TS17004: Cannot use JSX unless the '--jsx' flag is provided.
src/components/requests/request-form.tsx(856,13): error TS17004: Cannot use JSX unless the '--jsx' flag is provided.
src/components/requests/request-form.tsx(857,15): error TS17004: Cannot use JSX unless the '--jsx' flag is provided.
src/components/requests/request-form.tsx(858,15): error TS17004: Cannot use JSX unless the '--jsx' flag is provided.
src/components/requests/request-form.tsx(859,17): error TS17004: Cannot use JSX unless the '--jsx' flag is provided.
src/components/requests/request-form.tsx(860,19): error TS17004: Cannot use JSX unless the '--jsx' flag is provided.
src/components/requests/request-form.tsx(861,19): error TS17004: Cannot use JSX unless the '--jsx' flag is provided.
src/components/requests/request-form.tsx(862,19): error TS17004: Cannot use JSX unless the '--jsx' flag is provided.
src/components/requests/request-form.tsx(864,17): error TS17004: Cannot use JSX unless the '--jsx' flag is provided.
src/components/requests/request-form.tsx(865,19): error TS17004: Cannot use JSX unless the '--jsx' flag is provided.
src/components/requests/request-form.tsx(866,19): error TS17004: Cannot use JSX unless the '--jsx' flag is provided.
src/components/requests/request-form.tsx(868,17): error TS17004: Cannot use JSX unless the '--jsx' flag is provided.
src/components/requests/request-form.tsx(869,19): error TS17004: Cannot use JSX unless the '--jsx' flag is provided.
src/components/requests/request-form.tsx(870,19): error TS17004: Cannot use JSX unless the '--jsx' flag is provided.
src/components/requests/request-form.tsx(872,17): error TS17004: Cannot use JSX unless the '--jsx' flag is provided.
src/components/requests/request-form.tsx(873,19): error TS17004: Cannot use JSX unless the '--jsx' flag is provided.
src/components/requests/request-form.tsx(874,19): error TS17004: Cannot use JSX unless the '--jsx' flag is provided.
src/components/requests/request-form.tsx(880,13): error TS17004: Cannot use JSX unless the '--jsx' flag is provided.
src/components/requests/request-form.tsx(881,15): error TS17004: Cannot use JSX unless the '--jsx' flag is provided.
src/components/requests/request-form.tsx(882,15): error TS17004: Cannot use JSX unless the '--jsx' flag is provided.
src/components/requests/request-form.tsx(883,17): error TS17004: Cannot use JSX unless the '--jsx' flag is provided.
src/components/requests/request-form.tsx(884,19): error TS17004: Cannot use JSX unless the '--jsx' flag is provided.
src/components/requests/request-form.tsx(885,19): error TS17004: Cannot use JSX unless the '--jsx' flag is provided.
src/components/requests/request-form.tsx(893,21): error TS17004: Cannot use JSX unless the '--jsx' flag is provided.
src/components/requests/request-form.tsx(895,23): error TS17004: Cannot use JSX unless the '--jsx' flag is provided.
src/components/requests/request-form.tsx(898,19): error TS17004: Cannot use JSX unless the '--jsx' flag is provided.
src/components/requests/request-form.tsx(900,17): error TS17004: Cannot use JSX unless the '--jsx' flag is provided.
src/components/requests/request-form.tsx(901,19): error TS17004: Cannot use JSX unless the '--jsx' flag is provided.
src/components/requests/request-form.tsx(902,19): error TS17004: Cannot use JSX unless the '--jsx' flag is provided.
src/components/requests/request-form.tsx(909,19): error TS17004: Cannot use JSX unless the '--jsx' flag is provided.
src/components/requests/request-form.tsx(915,13): error TS17004: Cannot use JSX unless the '--jsx' flag is provided.
src/components/requests/request-form.tsx(916,15): error TS17004: Cannot use JSX unless the '--jsx' flag is provided.
src/components/requests/request-form.tsx(918,15): error TS17004: Cannot use JSX unless the '--jsx' flag is provided.
src/components/requests/request-form.tsx(920,17): error TS17004: Cannot use JSX unless the '--jsx' flag is provided.
src/components/requests/request-form.tsx(921,19): error TS17004: Cannot use JSX unless the '--jsx' flag is provided.
src/components/requests/request-form.tsx(922,19): error TS17004: Cannot use JSX unless the '--jsx' flag is provided.
src/components/requests/request-form.tsx(930,21): error TS17004: Cannot use JSX unless the '--jsx' flag is provided.
src/components/requests/request-form.tsx(931,21): error TS17004: Cannot use JSX unless the '--jsx' flag is provided.
src/components/requests/request-form.tsx(932,21): error TS17004: Cannot use JSX unless the '--jsx' flag is provided.
src/components/requests/request-form.tsx(933,21): error TS17004: Cannot use JSX unless the '--jsx' flag is provided.
src/components/requests/request-form.tsx(935,19): error TS17004: Cannot use JSX unless the '--jsx' flag is provided.
src/components/requests/request-form.tsx(939,17): error TS17004: Cannot use JSX unless the '--jsx' flag is provided.
src/components/requests/request-form.tsx(940,19): error TS17004: Cannot use JSX unless the '--jsx' flag is provided.
src/components/requests/request-form.tsx(941,19): error TS17004: Cannot use JSX unless the '--jsx' flag is provided.
src/components/requests/request-form.tsx(942,21): error TS17004: Cannot use JSX unless the '--jsx' flag is provided.
src/components/requests/request-form.tsx(943,23): error TS17004: Cannot use JSX unless the '--jsx' flag is provided.
src/components/requests/request-form.tsx(953,23): error TS17004: Cannot use JSX unless the '--jsx' flag is provided.
src/components/requests/request-form.tsx(954,29): error TS17004: Cannot use JSX unless the '--jsx' flag is provided.
src/components/requests/request-form.tsx(957,21): error TS17004: Cannot use JSX unless the '--jsx' flag is provided.
src/components/requests/request-form.tsx(958,23): error TS17004: Cannot use JSX unless the '--jsx' flag is provided.
src/components/requests/request-form.tsx(968,23): error TS17004: Cannot use JSX unless the '--jsx' flag is provided.
src/components/requests/request-form.tsx(969,29): error TS17004: Cannot use JSX unless the '--jsx' flag is provided.
src/components/requests/request-form.tsx(973,19): error TS17004: Cannot use JSX unless the '--jsx' flag is provided.
src/components/requests/request-form.tsx(977,15): error TS17004: Cannot use JSX unless the '--jsx' flag is provided.
src/components/requests/request-form.tsx(978,17): error TS17004: Cannot use JSX unless the '--jsx' flag is provided.
src/components/requests/request-form.tsx(979,17): error TS17004: Cannot use JSX unless the '--jsx' flag is provided.
src/components/requests/request-form.tsx(991,15): error TS17004: Cannot use JSX unless the '--jsx' flag is provided.
src/components/requests/request-form.tsx(992,17): error TS17004: Cannot use JSX unless the '--jsx' flag is provided.
src/components/requests/request-form.tsx(993,17): error TS17004: Cannot use JSX unless the '--jsx' flag is provided.
src/components/requests/request-form.tsx(1005,15): error TS17004: Cannot use JSX unless the '--jsx' flag is provided.
src/components/requests/request-form.tsx(1007,18): error TS17004: Cannot use JSX unless the '--jsx' flag is provided.
src/components/requests/request-form.tsx(1007,92): error TS17004: Cannot use JSX unless the '--jsx' flag is provided.
src/components/requests/request-form.tsx(1008,18): error TS17004: Cannot use JSX unless the '--jsx' flag is provided.
src/components/requests/request-form.tsx(1008,94): error TS17004: Cannot use JSX unless the '--jsx' flag is provided.
src/components/requests/request-form.tsx(1009,18): error TS17004: Cannot use JSX unless the '--jsx' flag is provided.
src/components/requests/request-form.tsx(1009,86): error TS17004: Cannot use JSX unless the '--jsx' flag is provided.
src/components/requests/request-form.tsx(1010,18): error TS17004: Cannot use JSX unless the '--jsx' flag is provided.
src/components/requests/request-form.tsx(1010,84): error TS17004: Cannot use JSX unless the '--jsx' flag is provided.
src/components/requests/request-form.tsx(1011,18): error TS17004: Cannot use JSX unless the '--jsx' flag is provided.
src/components/requests/request-form.tsx(1011,98): error TS17004: Cannot use JSX unless the '--jsx' flag is provided.
src/components/requests/request-form.tsx(1012,18): error TS17004: Cannot use JSX unless the '--jsx' flag is provided.
src/components/requests/request-form.tsx(1012,100): error TS17004: Cannot use JSX unless the '--jsx' flag is provided.
src/components/requests/request-form.tsx(1013,18): error TS17004: Cannot use JSX unless the '--jsx' flag is provided.
src/components/requests/request-form.tsx(1013,104): error TS17004: Cannot use JSX unless the '--jsx' flag is provided.
src/components/requests/request-form.tsx(1014,18): error TS17004: Cannot use JSX unless the '--jsx' flag is provided.
src/components/requests/request-form.tsx(1014,106): error TS17004: Cannot use JSX unless the '--jsx' flag is provided.
src/components/requests/request-form.tsx(1015,18): error TS17004: Cannot use JSX unless the '--jsx' flag is provided.
src/components/requests/request-form.tsx(1016,18): error TS17004: Cannot use JSX unless the '--jsx' flag is provided.
src/components/requests/request-form.tsx(1017,18): error TS17004: Cannot use JSX unless the '--jsx' flag is provided.
src/components/requests/request-form.tsx(1017,78): error TS17004: Cannot use JSX unless the '--jsx' flag is provided.
src/components/requests/request-form.tsx(1018,18): error TS17004: Cannot use JSX unless the '--jsx' flag is provided.
src/components/requests/request-form.tsx(1018,78): error TS17004: Cannot use JSX unless the '--jsx' flag is provided.
src/components/requests/request-form.tsx(1019,18): error TS17004: Cannot use JSX unless the '--jsx' flag is provided.
src/components/requests/request-form.tsx(1019,78): error TS17004: Cannot use JSX unless the '--jsx' flag is provided.
src/components/requests/request-form.tsx(1020,18): error TS17004: Cannot use JSX unless the '--jsx' flag is provided.
src/components/requests/request-form.tsx(1020,78): error TS17004: Cannot use JSX unless the '--jsx' flag is provided.
src/components/requests/request-form.tsx(1021,18): error TS17004: Cannot use JSX unless the '--jsx' flag is provided.
src/components/requests/request-form.tsx(1021,78): error TS17004: Cannot use JSX unless the '--jsx' flag is provided.
src/components/requests/request-form.tsx(1026,13): error TS17004: Cannot use JSX unless the '--jsx' flag is provided.
src/components/requests/request-form.tsx(1027,15): error TS17004: Cannot use JSX unless the '--jsx' flag is provided.
src/components/requests/request-form.tsx(1028,17): error TS17004: Cannot use JSX unless the '--jsx' flag is provided.
src/components/requests/request-form.tsx(1029,19): error TS17004: Cannot use JSX unless the '--jsx' flag is provided.
src/components/requests/request-form.tsx(1030,19): error TS17004: Cannot use JSX unless the '--jsx' flag is provided.
src/components/requests/request-form.tsx(1033,19): error TS17004: Cannot use JSX unless the '--jsx' flag is provided.
src/components/requests/request-form.tsx(1040,21): error TS17004: Cannot use JSX unless the '--jsx' flag is provided.
src/components/requests/request-form.tsx(1046,15): error TS17004: Cannot use JSX unless the '--jsx' flag is provided.
src/components/requests/request-form.tsx(1047,17): error TS17004: Cannot use JSX unless the '--jsx' flag is provided.
src/components/requests/request-form.tsx(1048,19): error TS17004: Cannot use JSX unless the '--jsx' flag is provided.
src/components/requests/request-form.tsx(1049,21): error TS17004: Cannot use JSX unless the '--jsx' flag is provided.
src/components/requests/request-form.tsx(1050,23): error TS17004: Cannot use JSX unless the '--jsx' flag is provided.
src/components/requests/request-form.tsx(1051,23): error TS17004: Cannot use JSX unless the '--jsx' flag is provided.
src/components/requests/request-form.tsx(1052,23): error TS17004: Cannot use JSX unless the '--jsx' flag is provided.
src/components/requests/request-form.tsx(1053,23): error TS17004: Cannot use JSX unless the '--jsx' flag is provided.
src/components/requests/request-form.tsx(1054,23): error TS17004: Cannot use JSX unless the '--jsx' flag is provided.
src/components/requests/request-form.tsx(1055,23): error TS17004: Cannot use JSX unless the '--jsx' flag is provided.
src/components/requests/request-form.tsx(1056,23): error TS17004: Cannot use JSX unless the '--jsx' flag is provided.
src/components/requests/request-form.tsx(1057,23): error TS17004: Cannot use JSX unless the '--jsx' flag is provided.
src/components/requests/request-form.tsx(1058,39): error TS17004: Cannot use JSX unless the '--jsx' flag is provided.
src/components/requests/request-form.tsx(1061,19): error TS17004: Cannot use JSX unless the '--jsx' flag is provided.
src/components/requests/request-form.tsx(1063,23): error TS17004: Cannot use JSX unless the '--jsx' flag is provided.
src/components/requests/request-form.tsx(1064,25): error TS17004: Cannot use JSX unless the '--jsx' flag is provided.
src/components/requests/request-form.tsx(1065,25): error TS17004: Cannot use JSX unless the '--jsx' flag is provided.
src/components/requests/request-form.tsx(1066,27): error TS17004: Cannot use JSX unless the '--jsx' flag is provided.
src/components/requests/request-form.tsx(1073,29): error TS17004: Cannot use JSX unless the '--jsx' flag is provided.
src/components/requests/request-form.tsx(1075,31): error TS17004: Cannot use JSX unless the '--jsx' flag is provided.
src/components/requests/request-form.tsx(1079,25): error TS17004: Cannot use JSX unless the '--jsx' flag is provided.
src/components/requests/request-form.tsx(1080,27): error TS17004: Cannot use JSX unless the '--jsx' flag is provided.
src/components/requests/request-form.tsx(1089,25): error TS17004: Cannot use JSX unless the '--jsx' flag is provided.
src/components/requests/request-form.tsx(1090,27): error TS17004: Cannot use JSX unless the '--jsx' flag is provided.
src/components/requests/request-form.tsx(1097,25): error TS17004: Cannot use JSX unless the '--jsx' flag is provided.
src/components/requests/request-form.tsx(1098,27): error TS17004: Cannot use JSX unless the '--jsx' flag is provided.
src/components/requests/request-form.tsx(1105,25): error TS17004: Cannot use JSX unless the '--jsx' flag is provided.
src/components/requests/request-form.tsx(1106,27): error TS17004: Cannot use JSX unless the '--jsx' flag is provided.
src/components/requests/request-form.tsx(1116,25): error TS17004: Cannot use JSX unless the '--jsx' flag is provided.
src/components/requests/request-form.tsx(1117,27): error TS17004: Cannot use JSX unless the '--jsx' flag is provided.
src/components/requests/request-form.tsx(1125,25): error TS17004: Cannot use JSX unless the '--jsx' flag is provided.
src/components/requests/request-form.tsx(1126,27): error TS17004: Cannot use JSX unless the '--jsx' flag is provided.
src/components/requests/request-form.tsx(1128,31): error TS17004: Cannot use JSX unless the '--jsx' flag is provided.
src/components/requests/request-form.tsx(1129,33): error TS17004: Cannot use JSX unless the '--jsx' flag is provided.
src/components/requests/request-form.tsx(1139,33): error TS17004: Cannot use JSX unless the '--jsx' flag is provided.
src/components/requests/request-form.tsx(1143,35): error TS17004: Cannot use JSX unless the '--jsx' flag is provided.
src/components/requests/request-form.tsx(1144,35): error TS17004: Cannot use JSX unless the '--jsx' flag is provided.
src/components/requests/request-form.tsx(1150,31): error TS17004: Cannot use JSX unless the '--jsx' flag is provided.
src/components/requests/request-form.tsx(1151,33): error TS17004: Cannot use JSX unless the '--jsx' flag is provided.
src/components/requests/request-form.tsx(1152,33): error TS17004: Cannot use JSX unless the '--jsx' flag is provided.
src/components/requests/request-form.tsx(1160,27): error TS17004: Cannot use JSX unless the '--jsx' flag is provided.
src/components/requests/request-form.tsx(1162,31): error TS17004: Cannot use JSX unless the '--jsx' flag is provided.
src/components/requests/request-form.tsx(1168,33): error TS17004: Cannot use JSX unless the '--jsx' flag is provided.
src/components/requests/request-form.tsx(1171,31): error TS17004: Cannot use JSX unless the '--jsx' flag is provided.
src/components/requests/request-form.tsx(1180,15): error TS17004: Cannot use JSX unless the '--jsx' flag is provided.
src/components/requests/request-form.tsx(1181,17): error TS17004: Cannot use JSX unless the '--jsx' flag is provided.
src/components/requests/request-form.tsx(1182,17): error TS17004: Cannot use JSX unless the '--jsx' flag is provided.
src/components/requests/request-form.tsx(1190,13): error TS17004: Cannot use JSX unless the '--jsx' flag is provided.
src/components/requests/request-form.tsx(1191,15): error TS17004: Cannot use JSX unless the '--jsx' flag is provided.
src/components/requests/request-form.tsx(1200,17): error TS17004: Cannot use JSX unless the '--jsx' flag is provided.
src/components/requests/request-form.tsx(1202,19): error TS17004: Cannot use JSX unless the '--jsx' flag is provided.
src/components/requests/request-form.tsx(1216,23): error TS17004: Cannot use JSX unless the '--jsx' flag is provided.
src/components/requests/request-form.tsx(1226,19): error TS17004: Cannot use JSX unless the '--jsx' flag is provided.
src/components/requests/request-form.tsx(1240,23): error TS17004: Cannot use JSX unless the '--jsx' flag is provided.
src/components/requests/request-form.tsx(1251,17): error TS17004: Cannot use JSX unless the '--jsx' flag is provided.
src/components/requests/request-form.tsx(1254,21): error TS17004: Cannot use JSX unless the '--jsx' flag is provided.
src/components/requests/request-form.tsx(1271,21): error TS17004: Cannot use JSX unless the '--jsx' flag is provided.
src/components/requests/request-form.tsx(1285,25): error TS17004: Cannot use JSX unless the '--jsx' flag is provided.
src/components/requests/request-form.tsx(1297,21): error TS17004: Cannot use JSX unless the '--jsx' flag is provided.
src/components/requests/request-form.tsx(1298,23): error TS17004: Cannot use JSX unless the '--jsx' flag is provided.
src/components/requests/request-form.tsx(1312,27): error TS17004: Cannot use JSX unless the '--jsx' flag is provided.
src/components/requests/request-form.tsx(1320,23): error TS17004: Cannot use JSX unless the '--jsx' flag is provided.
src/components/requests/request-form.tsx(1334,27): error TS17004: Cannot use JSX unless the '--jsx' flag is provided.
src/hooks/use-request-dropdowns.ts(2,35): error TS2307: Cannot find module '@/services/add-request-service' or its corresponding type declarations.
src/hooks/use-request-dropdowns.ts(3,36): error TS2307: Cannot find module '@/services/panther-soap-service' or its corresponding type declarations.
src/hooks/use-request-dropdowns.ts(4,27): error TS2307: Cannot find module '@/config/env-validation' or its corresponding type declarations.
src/hooks/use-request-dropdowns.ts(9,8): error TS2307: Cannot find module '@/types/requests' or its corresponding type declarations.
src/hooks/use-toast.ts(11,8): error TS2307: Cannot find module '@/components/ui/toast' or its corresponding type declarations.
src/services/api-client.ts(2,80): error TS2307: Cannot find module '@/utils/response-transformer' or its corresponding type declarations.
src/services/auth-service.ts(2,24): error TS2307: Cannot find module '@/utils/logger' or its corresponding type declarations.
src/services/requests-service.ts(412,46): error TS2358: The left-hand side of an 'instanceof' expression must be of type 'any', an object type or a type parameter.
src/services/requests-service.ts(484,46): error TS2358: The left-hand side of an 'instanceof' expression must be of type 'any', an object type or a type parameter.
